src/routes/requests.ts(134,55): error TS2345: Argument of type 'string | string[]' is not assignable to parameter of type 'Identifier | undefined'.
  Type 'string[]' is not assignable to type 'Identifier | undefined'.
    Type 'string[]' is missing the following properties from type 'Buffer<ArrayBufferLike>': subarray, write, toJSON, equals, and 73 more.
src/routes/requests.ts(185,55): error TS2345: Argument of type 'string | string[]' is not assignable to parameter of type 'Identifier | undefined'.
  Type 'string[]' is not assignable to type 'Identifier | undefined'.
    Type 'string[]' is missing the following properties from type 'Buffer<ArrayBufferLike>': subarray, write, toJSON, equals, and 73 more.
